------------------------------------------------------------
Timing Analyzer Summary
------------------------------------------------------------

Type  : Slow 1200mV 85C Model Setup 'EFF_v:inst16|Q[15]'
Slack : -45.161
TNS   : -716.605

Type  : Slow 1200mV 85C Model Setup 'EFF_v:inst16|Q[16]'
Slack : -44.889
TNS   : -712.922

Type  : Slow 1200mV 85C Model Setup 'inst9|altpll_component|auto_generated|pll1|clk[3]'
Slack : -9.263
TNS   : -204.067

Type  : Slow 1200mV 85C Model Setup 'inst9|altpll_component|auto_generated|pll1|clk[1]'
Slack : -2.464
TNS   : -9.401

Type  : Slow 1200mV 85C Model Setup 'inst12|altpll_component|auto_generated|pll1|clk[0]'
Slack : 35.319
TNS   : 0.000

Type  : Slow 1200mV 85C Model Setup 'inst9|altpll_component|auto_generated|pll1|clk[0]'
Slack : 143.964
TNS   : 0.000

Type  : Slow 1200mV 85C Model Setup 'inst9|altpll_component|auto_generated|pll1|clk[2]'
Slack : 247.400
TNS   : 0.000

Type  : Slow 1200mV 85C Model Hold 'EFF_v:inst16|Q[16]'
Slack : 0.068
TNS   : 0.000

Type  : Slow 1200mV 85C Model Hold 'inst9|altpll_component|auto_generated|pll1|clk[1]'
Slack : 0.343
TNS   : 0.000

Type  : Slow 1200mV 85C Model Hold 'inst9|altpll_component|auto_generated|pll1|clk[3]'
Slack : 0.343
TNS   : 0.000

Type  : Slow 1200mV 85C Model Hold 'inst12|altpll_component|auto_generated|pll1|clk[0]'
Slack : 0.357
TNS   : 0.000

Type  : Slow 1200mV 85C Model Hold 'EFF_v:inst16|Q[15]'
Slack : 0.677
TNS   : 0.000

Type  : Slow 1200mV 85C Model Hold 'inst9|altpll_component|auto_generated|pll1|clk[0]'
Slack : 0.701
TNS   : 0.000

Type  : Slow 1200mV 85C Model Hold 'inst9|altpll_component|auto_generated|pll1|clk[2]'
Slack : 98.118
TNS   : 0.000

Type  : Slow 1200mV 85C Model Minimum Pulse Width 'EFF_v:inst16|Q[16]'
Slack : 0.281
TNS   : 0.000

Type  : Slow 1200mV 85C Model Minimum Pulse Width 'EFF_v:inst16|Q[15]'
Slack : 0.379
TNS   : 0.000

Type  : Slow 1200mV 85C Model Minimum Pulse Width 'clk'
Slack : 9.835
TNS   : 0.000

Type  : Slow 1200mV 85C Model Minimum Pulse Width 'inst12|altpll_component|auto_generated|pll1|clk[0]'
Slack : 19.750
TNS   : 0.000

Type  : Slow 1200mV 85C Model Minimum Pulse Width 'inst9|altpll_component|auto_generated|pll1|clk[3]'
Slack : 149.745
TNS   : 0.000

Type  : Slow 1200mV 85C Model Minimum Pulse Width 'inst9|altpll_component|auto_generated|pll1|clk[0]'
Slack : 149.747
TNS   : 0.000

Type  : Slow 1200mV 85C Model Minimum Pulse Width 'inst9|altpll_component|auto_generated|pll1|clk[1]'
Slack : 149.747
TNS   : 0.000

Type  : Slow 1200mV 85C Model Minimum Pulse Width 'inst9|altpll_component|auto_generated|pll1|clk[2]'
Slack : 149.781
TNS   : 0.000

Type  : Slow 1200mV 0C Model Setup 'EFF_v:inst16|Q[15]'
Slack : -40.248
TNS   : -638.615

Type  : Slow 1200mV 0C Model Setup 'EFF_v:inst16|Q[16]'
Slack : -40.008
TNS   : -635.402

Type  : Slow 1200mV 0C Model Setup 'inst9|altpll_component|auto_generated|pll1|clk[3]'
Slack : -8.166
TNS   : -179.366

Type  : Slow 1200mV 0C Model Setup 'inst9|altpll_component|auto_generated|pll1|clk[1]'
Slack : -2.097
TNS   : -7.868

Type  : Slow 1200mV 0C Model Setup 'inst12|altpll_component|auto_generated|pll1|clk[0]'
Slack : 35.772
TNS   : 0.000

Type  : Slow 1200mV 0C Model Setup 'inst9|altpll_component|auto_generated|pll1|clk[0]'
Slack : 144.536
TNS   : 0.000

Type  : Slow 1200mV 0C Model Setup 'inst9|altpll_component|auto_generated|pll1|clk[2]'
Slack : 247.670
TNS   : 0.000

Type  : Slow 1200mV 0C Model Hold 'EFF_v:inst16|Q[16]'
Slack : 0.147
TNS   : 0.000

Type  : Slow 1200mV 0C Model Hold 'inst9|altpll_component|auto_generated|pll1|clk[3]'
Slack : 0.298
TNS   : 0.000

Type  : Slow 1200mV 0C Model Hold 'inst9|altpll_component|auto_generated|pll1|clk[1]'
Slack : 0.299
TNS   : 0.000

Type  : Slow 1200mV 0C Model Hold 'inst12|altpll_component|auto_generated|pll1|clk[0]'
Slack : 0.312
TNS   : 0.000

Type  : Slow 1200mV 0C Model Hold 'EFF_v:inst16|Q[15]'
Slack : 0.574
TNS   : 0.000

Type  : Slow 1200mV 0C Model Hold 'inst9|altpll_component|auto_generated|pll1|clk[0]'
Slack : 0.631
TNS   : 0.000

Type  : Slow 1200mV 0C Model Hold 'inst9|altpll_component|auto_generated|pll1|clk[2]'
Slack : 98.350
TNS   : 0.000

Type  : Slow 1200mV 0C Model Minimum Pulse Width 'EFF_v:inst16|Q[16]'
Slack : 0.365
TNS   : 0.000

Type  : Slow 1200mV 0C Model Minimum Pulse Width 'EFF_v:inst16|Q[15]'
Slack : 0.434
TNS   : 0.000

Type  : Slow 1200mV 0C Model Minimum Pulse Width 'clk'
Slack : 9.817
TNS   : 0.000

Type  : Slow 1200mV 0C Model Minimum Pulse Width 'inst12|altpll_component|auto_generated|pll1|clk[0]'
Slack : 19.746
TNS   : 0.000

Type  : Slow 1200mV 0C Model Minimum Pulse Width 'inst9|altpll_component|auto_generated|pll1|clk[3]'
Slack : 149.739
TNS   : 0.000

Type  : Slow 1200mV 0C Model Minimum Pulse Width 'inst9|altpll_component|auto_generated|pll1|clk[0]'
Slack : 149.742
TNS   : 0.000

Type  : Slow 1200mV 0C Model Minimum Pulse Width 'inst9|altpll_component|auto_generated|pll1|clk[1]'
Slack : 149.744
TNS   : 0.000

Type  : Slow 1200mV 0C Model Minimum Pulse Width 'inst9|altpll_component|auto_generated|pll1|clk[2]'
Slack : 149.787
TNS   : 0.000

Type  : Fast 1200mV 0C Model Setup 'EFF_v:inst16|Q[15]'
Slack : -25.206
TNS   : -399.862

Type  : Fast 1200mV 0C Model Setup 'EFF_v:inst16|Q[16]'
Slack : -25.047
TNS   : -397.387

Type  : Fast 1200mV 0C Model Setup 'inst9|altpll_component|auto_generated|pll1|clk[3]'
Slack : -5.214
TNS   : -109.968

Type  : Fast 1200mV 0C Model Setup 'inst9|altpll_component|auto_generated|pll1|clk[1]'
Slack : -1.267
TNS   : -4.731

Type  : Fast 1200mV 0C Model Setup 'inst12|altpll_component|auto_generated|pll1|clk[0]'
Slack : 37.413
TNS   : 0.000

Type  : Fast 1200mV 0C Model Setup 'inst9|altpll_component|auto_generated|pll1|clk[0]'
Slack : 146.497
TNS   : 0.000

Type  : Fast 1200mV 0C Model Setup 'inst9|altpll_component|auto_generated|pll1|clk[2]'
Slack : 248.415
TNS   : 0.000

Type  : Fast 1200mV 0C Model Hold 'EFF_v:inst16|Q[16]'
Slack : 0.119
TNS   : 0.000

Type  : Fast 1200mV 0C Model Hold 'inst9|altpll_component|auto_generated|pll1|clk[1]'
Slack : 0.178
TNS   : 0.000

Type  : Fast 1200mV 0C Model Hold 'inst9|altpll_component|auto_generated|pll1|clk[3]'
Slack : 0.178
TNS   : 0.000

Type  : Fast 1200mV 0C Model Hold 'inst12|altpll_component|auto_generated|pll1|clk[0]'
Slack : 0.187
TNS   : 0.000

Type  : Fast 1200mV 0C Model Hold 'inst9|altpll_component|auto_generated|pll1|clk[0]'
Slack : 0.370
TNS   : 0.000

Type  : Fast 1200mV 0C Model Hold 'EFF_v:inst16|Q[15]'
Slack : 0.410
TNS   : 0.000

Type  : Fast 1200mV 0C Model Hold 'inst9|altpll_component|auto_generated|pll1|clk[2]'
Slack : 98.747
TNS   : 0.000

Type  : Fast 1200mV 0C Model Minimum Pulse Width 'EFF_v:inst16|Q[16]'
Slack : 0.253
TNS   : 0.000

Type  : Fast 1200mV 0C Model Minimum Pulse Width 'EFF_v:inst16|Q[15]'
Slack : 0.299
TNS   : 0.000

Type  : Fast 1200mV 0C Model Minimum Pulse Width 'clk'
Slack : 9.587
TNS   : 0.000

Type  : Fast 1200mV 0C Model Minimum Pulse Width 'inst12|altpll_component|auto_generated|pll1|clk[0]'
Slack : 19.783
TNS   : 0.000

Type  : Fast 1200mV 0C Model Minimum Pulse Width 'inst9|altpll_component|auto_generated|pll1|clk[0]'
Slack : 149.781
TNS   : 0.000

Type  : Fast 1200mV 0C Model Minimum Pulse Width 'inst9|altpll_component|auto_generated|pll1|clk[3]'
Slack : 149.782
TNS   : 0.000

Type  : Fast 1200mV 0C Model Minimum Pulse Width 'inst9|altpll_component|auto_generated|pll1|clk[1]'
Slack : 149.783
TNS   : 0.000

Type  : Fast 1200mV 0C Model Minimum Pulse Width 'inst9|altpll_component|auto_generated|pll1|clk[2]'
Slack : 149.783
TNS   : 0.000

------------------------------------------------------------
