------------------------------------------------------------
Timing Analyzer Summary
------------------------------------------------------------

Type  : Slow 1200mV 85C Model Setup 'clk0'
Slack : -40.210
TNS   : -968.829

Type  : Slow 1200mV 85C Model Setup 'EFF32:OperandStage|Q[5]'
Slack : -6.098
TNS   : -131.737

Type  : Slow 1200mV 85C Model Setup 'MIR:inst1|altshift_taps:MIR_rtl_0|shift_taps_u4m:auto_generated|altsyncram_0b81:altsyncram2|ram_block3a0'
Slack : -2.942
TNS   : -62.774

Type  : Slow 1200mV 85C Model Setup 'MIR:inst1|altshift_taps:MIR_rtl_0|shift_taps_u4m:auto_generated|altsyncram_0b81:altsyncram2|ram_block3a1'
Slack : -2.723
TNS   : -338.115

Type  : Slow 1200mV 85C Model Hold 'MIR:inst1|altshift_taps:MIR_rtl_0|shift_taps_u4m:auto_generated|altsyncram_0b81:altsyncram2|ram_block3a1'
Slack : -0.311
TNS   : -3.575

Type  : Slow 1200mV 85C Model Hold 'EFF32:OperandStage|Q[5]'
Slack : -0.221
TNS   : -0.221

Type  : Slow 1200mV 85C Model Hold 'MIR:inst1|altshift_taps:MIR_rtl_0|shift_taps_u4m:auto_generated|altsyncram_0b81:altsyncram2|ram_block3a0'
Slack : 0.262
TNS   : 0.000

Type  : Slow 1200mV 85C Model Hold 'clk0'
Slack : 0.290
TNS   : 0.000

Type  : Slow 1200mV 85C Model Minimum Pulse Width 'clk0'
Slack : -3.000
TNS   : -207.524

Type  : Slow 1200mV 85C Model Minimum Pulse Width 'MIR:inst1|altshift_taps:MIR_rtl_0|shift_taps_u4m:auto_generated|altsyncram_0b81:altsyncram2|ram_block3a1'
Slack : 0.271
TNS   : 0.000

Type  : Slow 1200mV 85C Model Minimum Pulse Width 'MIR:inst1|altshift_taps:MIR_rtl_0|shift_taps_u4m:auto_generated|altsyncram_0b81:altsyncram2|ram_block3a0'
Slack : 0.377
TNS   : 0.000

Type  : Slow 1200mV 85C Model Minimum Pulse Width 'EFF32:OperandStage|Q[5]'
Slack : 0.380
TNS   : 0.000

Type  : Slow 1200mV 85C Model Minimum Pulse Width 'clk_input'
Slack : 4.835
TNS   : 0.000

Type  : Slow 1200mV 0C Model Setup 'clk0'
Slack : -35.861
TNS   : -851.429

Type  : Slow 1200mV 0C Model Setup 'EFF32:OperandStage|Q[5]'
Slack : -5.358
TNS   : -114.626

Type  : Slow 1200mV 0C Model Setup 'MIR:inst1|altshift_taps:MIR_rtl_0|shift_taps_u4m:auto_generated|altsyncram_0b81:altsyncram2|ram_block3a0'
Slack : -2.623
TNS   : -53.703

Type  : Slow 1200mV 0C Model Setup 'MIR:inst1|altshift_taps:MIR_rtl_0|shift_taps_u4m:auto_generated|altsyncram_0b81:altsyncram2|ram_block3a1'
Slack : -2.421
TNS   : -294.971

Type  : Slow 1200mV 0C Model Hold 'EFF32:OperandStage|Q[5]'
Slack : -0.151
TNS   : -0.151

Type  : Slow 1200mV 0C Model Hold 'MIR:inst1|altshift_taps:MIR_rtl_0|shift_taps_u4m:auto_generated|altsyncram_0b81:altsyncram2|ram_block3a1'
Slack : -0.136
TNS   : -0.413

Type  : Slow 1200mV 0C Model Hold 'MIR:inst1|altshift_taps:MIR_rtl_0|shift_taps_u4m:auto_generated|altsyncram_0b81:altsyncram2|ram_block3a0'
Slack : 0.250
TNS   : 0.000

Type  : Slow 1200mV 0C Model Hold 'clk0'
Slack : 0.287
TNS   : 0.000

Type  : Slow 1200mV 0C Model Minimum Pulse Width 'clk0'
Slack : -3.000
TNS   : -207.524

Type  : Slow 1200mV 0C Model Minimum Pulse Width 'MIR:inst1|altshift_taps:MIR_rtl_0|shift_taps_u4m:auto_generated|altsyncram_0b81:altsyncram2|ram_block3a1'
Slack : 0.387
TNS   : 0.000

Type  : Slow 1200mV 0C Model Minimum Pulse Width 'EFF32:OperandStage|Q[5]'
Slack : 0.417
TNS   : 0.000

Type  : Slow 1200mV 0C Model Minimum Pulse Width 'MIR:inst1|altshift_taps:MIR_rtl_0|shift_taps_u4m:auto_generated|altsyncram_0b81:altsyncram2|ram_block3a0'
Slack : 0.443
TNS   : 0.000

Type  : Slow 1200mV 0C Model Minimum Pulse Width 'clk_input'
Slack : 4.818
TNS   : 0.000

Type  : Fast 1200mV 0C Model Setup 'clk0'
Slack : -22.478
TNS   : -483.823

Type  : Fast 1200mV 0C Model Setup 'EFF32:OperandStage|Q[5]'
Slack : -3.269
TNS   : -65.719

Type  : Fast 1200mV 0C Model Setup 'MIR:inst1|altshift_taps:MIR_rtl_0|shift_taps_u4m:auto_generated|altsyncram_0b81:altsyncram2|ram_block3a0'
Slack : -1.555
TNS   : -20.379

Type  : Fast 1200mV 0C Model Setup 'MIR:inst1|altshift_taps:MIR_rtl_0|shift_taps_u4m:auto_generated|altsyncram_0b81:altsyncram2|ram_block3a1'
Slack : -1.413
TNS   : -47.581

Type  : Fast 1200mV 0C Model Hold 'MIR:inst1|altshift_taps:MIR_rtl_0|shift_taps_u4m:auto_generated|altsyncram_0b81:altsyncram2|ram_block3a1'
Slack : -0.227
TNS   : -2.775

Type  : Fast 1200mV 0C Model Hold 'EFF32:OperandStage|Q[5]'
Slack : -0.144
TNS   : -0.144

Type  : Fast 1200mV 0C Model Hold 'MIR:inst1|altshift_taps:MIR_rtl_0|shift_taps_u4m:auto_generated|altsyncram_0b81:altsyncram2|ram_block3a0'
Slack : 0.092
TNS   : 0.000

Type  : Fast 1200mV 0C Model Hold 'clk0'
Slack : 0.139
TNS   : 0.000

Type  : Fast 1200mV 0C Model Minimum Pulse Width 'clk0'
Slack : -3.000
TNS   : -188.569

Type  : Fast 1200mV 0C Model Minimum Pulse Width 'MIR:inst1|altshift_taps:MIR_rtl_0|shift_taps_u4m:auto_generated|altsyncram_0b81:altsyncram2|ram_block3a1'
Slack : 0.180
TNS   : 0.000

Type  : Fast 1200mV 0C Model Minimum Pulse Width 'MIR:inst1|altshift_taps:MIR_rtl_0|shift_taps_u4m:auto_generated|altsyncram_0b81:altsyncram2|ram_block3a0'
Slack : 0.325
TNS   : 0.000

Type  : Fast 1200mV 0C Model Minimum Pulse Width 'EFF32:OperandStage|Q[5]'
Slack : 0.385
TNS   : 0.000

Type  : Fast 1200mV 0C Model Minimum Pulse Width 'clk_input'
Slack : 4.587
TNS   : 0.000

------------------------------------------------------------
