------------------------------------------------------------
Timing Analyzer Summary
------------------------------------------------------------

Type  : Slow 1200mV 85C Model Setup 'clk0'
Slack : -41.079
TNS   : -998.773

Type  : Slow 1200mV 85C Model Setup 'EFF32:OperandStage|Q[5]'
Slack : -5.762
TNS   : -149.890

Type  : Slow 1200mV 85C Model Setup 'MIR:inst5|altshift_taps:MIR_rtl_0|shift_taps_u4m:auto_generated|altsyncram_0b81:altsyncram2|ram_block3a0'
Slack : -2.207
TNS   : -16.940

Type  : Slow 1200mV 85C Model Setup 'MIR:inst5|altshift_taps:MIR_rtl_0|shift_taps_u4m:auto_generated|altsyncram_0b81:altsyncram2|ram_block3a2'
Slack : -1.778
TNS   : -402.437

Type  : Slow 1200mV 85C Model Setup 'clk1'
Slack : -0.390
TNS   : -0.506

Type  : Slow 1200mV 85C Model Hold 'MIR:inst5|altshift_taps:MIR_rtl_0|shift_taps_u4m:auto_generated|altsyncram_0b81:altsyncram2|ram_block3a2'
Slack : -0.282
TNS   : -2.066

Type  : Slow 1200mV 85C Model Hold 'EFF32:OperandStage|Q[5]'
Slack : 0.082
TNS   : 0.000

Type  : Slow 1200mV 85C Model Hold 'clk0'
Slack : 0.328
TNS   : 0.000

Type  : Slow 1200mV 85C Model Hold 'clk1'
Slack : 0.437
TNS   : 0.000

Type  : Slow 1200mV 85C Model Hold 'MIR:inst5|altshift_taps:MIR_rtl_0|shift_taps_u4m:auto_generated|altsyncram_0b81:altsyncram2|ram_block3a0'
Slack : 0.567
TNS   : 0.000

Type  : Slow 1200mV 85C Model Minimum Pulse Width 'clk0'
Slack : -3.000
TNS   : -203.524

Type  : Slow 1200mV 85C Model Minimum Pulse Width 'clk1'
Slack : -3.000
TNS   : -7.000

Type  : Slow 1200mV 85C Model Minimum Pulse Width 'MIR:inst5|altshift_taps:MIR_rtl_0|shift_taps_u4m:auto_generated|altsyncram_0b81:altsyncram2|ram_block3a2'
Slack : 0.319
TNS   : 0.000

Type  : Slow 1200mV 85C Model Minimum Pulse Width 'MIR:inst5|altshift_taps:MIR_rtl_0|shift_taps_u4m:auto_generated|altsyncram_0b81:altsyncram2|ram_block3a0'
Slack : 0.360
TNS   : 0.000

Type  : Slow 1200mV 85C Model Minimum Pulse Width 'EFF32:OperandStage|Q[5]'
Slack : 0.407
TNS   : 0.000

Type  : Slow 1200mV 85C Model Minimum Pulse Width 'clk_input'
Slack : 4.835
TNS   : 0.000

Type  : Slow 1200mV 0C Model Setup 'clk0'
Slack : -36.639
TNS   : -880.386

Type  : Slow 1200mV 0C Model Setup 'EFF32:OperandStage|Q[5]'
Slack : -5.115
TNS   : -132.913

Type  : Slow 1200mV 0C Model Setup 'MIR:inst5|altshift_taps:MIR_rtl_0|shift_taps_u4m:auto_generated|altsyncram_0b81:altsyncram2|ram_block3a0'
Slack : -1.945
TNS   : -14.808

Type  : Slow 1200mV 0C Model Setup 'MIR:inst5|altshift_taps:MIR_rtl_0|shift_taps_u4m:auto_generated|altsyncram_0b81:altsyncram2|ram_block3a2'
Slack : -1.533
TNS   : -316.416

Type  : Slow 1200mV 0C Model Setup 'clk1'
Slack : -0.249
TNS   : -0.249

Type  : Slow 1200mV 0C Model Hold 'MIR:inst5|altshift_taps:MIR_rtl_0|shift_taps_u4m:auto_generated|altsyncram_0b81:altsyncram2|ram_block3a2'
Slack : -0.209
TNS   : -0.931

Type  : Slow 1200mV 0C Model Hold 'EFF32:OperandStage|Q[5]'
Slack : 0.117
TNS   : 0.000

Type  : Slow 1200mV 0C Model Hold 'clk0'
Slack : 0.312
TNS   : 0.000

Type  : Slow 1200mV 0C Model Hold 'clk1'
Slack : 0.391
TNS   : 0.000

Type  : Slow 1200mV 0C Model Hold 'MIR:inst5|altshift_taps:MIR_rtl_0|shift_taps_u4m:auto_generated|altsyncram_0b81:altsyncram2|ram_block3a0'
Slack : 0.571
TNS   : 0.000

Type  : Slow 1200mV 0C Model Minimum Pulse Width 'clk0'
Slack : -3.000
TNS   : -203.524

Type  : Slow 1200mV 0C Model Minimum Pulse Width 'clk1'
Slack : -3.000
TNS   : -7.000

Type  : Slow 1200mV 0C Model Minimum Pulse Width 'MIR:inst5|altshift_taps:MIR_rtl_0|shift_taps_u4m:auto_generated|altsyncram_0b81:altsyncram2|ram_block3a2'
Slack : 0.384
TNS   : 0.000

Type  : Slow 1200mV 0C Model Minimum Pulse Width 'MIR:inst5|altshift_taps:MIR_rtl_0|shift_taps_u4m:auto_generated|altsyncram_0b81:altsyncram2|ram_block3a0'
Slack : 0.418
TNS   : 0.000

Type  : Slow 1200mV 0C Model Minimum Pulse Width 'EFF32:OperandStage|Q[5]'
Slack : 0.434
TNS   : 0.000

Type  : Slow 1200mV 0C Model Minimum Pulse Width 'clk_input'
Slack : 4.818
TNS   : 0.000

Type  : Fast 1200mV 0C Model Setup 'clk0'
Slack : -23.035
TNS   : -501.482

Type  : Fast 1200mV 0C Model Setup 'EFF32:OperandStage|Q[5]'
Slack : -3.125
TNS   : -79.877

Type  : Fast 1200mV 0C Model Setup 'MIR:inst5|altshift_taps:MIR_rtl_0|shift_taps_u4m:auto_generated|altsyncram_0b81:altsyncram2|ram_block3a0'
Slack : -1.061
TNS   : -4.893

Type  : Fast 1200mV 0C Model Setup 'MIR:inst5|altshift_taps:MIR_rtl_0|shift_taps_u4m:auto_generated|altsyncram_0b81:altsyncram2|ram_block3a2'
Slack : -0.987
TNS   : -42.459

Type  : Fast 1200mV 0C Model Setup 'clk1'
Slack : 0.193
TNS   : 0.000

Type  : Fast 1200mV 0C Model Hold 'MIR:inst5|altshift_taps:MIR_rtl_0|shift_taps_u4m:auto_generated|altsyncram_0b81:altsyncram2|ram_block3a2'
Slack : -0.200
TNS   : -7.323

Type  : Fast 1200mV 0C Model Hold 'EFF32:OperandStage|Q[5]'
Slack : 0.038
TNS   : 0.000

Type  : Fast 1200mV 0C Model Hold 'clk0'
Slack : 0.163
TNS   : 0.000

Type  : Fast 1200mV 0C Model Hold 'clk1'
Slack : 0.200
TNS   : 0.000

Type  : Fast 1200mV 0C Model Hold 'MIR:inst5|altshift_taps:MIR_rtl_0|shift_taps_u4m:auto_generated|altsyncram_0b81:altsyncram2|ram_block3a0'
Slack : 0.415
TNS   : 0.000

Type  : Fast 1200mV 0C Model Minimum Pulse Width 'clk0'
Slack : -3.000
TNS   : -183.939

Type  : Fast 1200mV 0C Model Minimum Pulse Width 'clk1'
Slack : -3.000
TNS   : -7.228

Type  : Fast 1200mV 0C Model Minimum Pulse Width 'MIR:inst5|altshift_taps:MIR_rtl_0|shift_taps_u4m:auto_generated|altsyncram_0b81:altsyncram2|ram_block3a2'
Slack : 0.264
TNS   : 0.000

Type  : Fast 1200mV 0C Model Minimum Pulse Width 'MIR:inst5|altshift_taps:MIR_rtl_0|shift_taps_u4m:auto_generated|altsyncram_0b81:altsyncram2|ram_block3a0'
Slack : 0.318
TNS   : 0.000

Type  : Fast 1200mV 0C Model Minimum Pulse Width 'EFF32:OperandStage|Q[5]'
Slack : 0.399
TNS   : 0.000

Type  : Fast 1200mV 0C Model Minimum Pulse Width 'clk_input'
Slack : 4.587
TNS   : 0.000

------------------------------------------------------------
